// Vitest Snapshot v1, https://vitest.dev/guide/snapshot.html

exports[`UTM > should extract correct utms from the query 1`] = `
{
  "utm_campaign": "name",
  "utm_content": "content",
  "utm_medium": "medium",
  "utm_source": "google",
  "utm_term": "term",
}
`;

exports[`UTM > should extract correct utms from window.location.search 1`] = `
{
  "utm_campaign": "name",
  "utm_content": "content",
  "utm_medium": "medium",
  "utm_source": "google",
  "utm_term": "term",
}
`;

exports[`UTM > should ignore non utms params 1`] = `
{
  "utm_campaign": "name",
  "utm_content": "content",
  "utm_medium": "medium",
  "utm_source": "google",
  "utm_term": "term",
}
`;

exports[`UTM > should return an empty object if nothing is passed 1`] = `{}`;
